---
source: crates/agentspec/src/session/adapters/conformance_tests.rs
expression: session
---
id: 0f0f0f0f-aaaa-bbbb-cccc-121212121212
tool_slug: github-copilot
cwd: /home/user/projects/demo
started_at: "2026-01-04T09:00:00Z"
ended_at: ~
first_prompt: Fix the failing unit test
summary: ~
project: ~
branch: main
messages:
  - role: user
    content:
      - type: text
        text: Fix the failing unit test
    timestamp: "2026-01-04T09:00:05Z"
  - role: assistant
    content:
      - type: text
        text: Looking at the test now.
      - type: tool_use
        name: bash
        input: "{\"cmd\":\"cargo test\"}"
        id: call_1
    timestamp: "2026-01-04T09:00:10Z"
  - role: assistant
    content:
      - type: text
        text: The assertion expected 2 but got 3; updating it.
    timestamp: "2026-01-04T09:00:20Z"
files_touched: []
tools_used:
  - bash
model: gpt-5
