---
source: crates/agentspec/src/session/adapters/conformance_tests.rs
expression: session
---
id: tools
tool_slug: claude-code
cwd: /home/user/projects/demo
started_at: "2026-01-02T10:00:00Z"
ended_at: ~
first_prompt: List the files in this directory
summary: ~
project: ~
branch: ~
messages:
  - role: user
    content:
      - type: text
        text: List the files in this directory
    timestamp: "2026-01-02T10:00:00Z"
  - role: assistant
    content:
      - type: text
        text: Running ls.
      - type: tool_use
        name: Bash
        input: "{\n  \"command\": \"ls\"\n}"
        id: toolu_01
    timestamp: "2026-01-02T10:00:02Z"
  - role: assistant
    content:
      - type: tool_result
        content: "Cargo.toml\nsrc"
        tool_use_id: toolu_01
        is_error: false
    timestamp: "2026-01-02T10:00:03Z"
  - role: assistant
    content:
      - type: tool_use
        name: Read
        input: "{\n  \"file_path\": \"/home/user/projects/demo/Cargo.toml\"\n}"
        id: toolu_02
      - type: tool_result
        content: "{\n  \"lines\": 12\n}"
        tool_use_id: toolu_02
        is_error: true
    timestamp: "2026-01-02T10:00:04Z"
  - role: assistant
    content:
      - type: tool_result
        content: "Done: two entries found."
        is_error: false
    timestamp: "2026-01-02T10:00:05Z"
files_touched: []
tools_used:
  - Bash
  - Read
model: ~
